= Render process

== Graph

{'layers': [[1], [2, 3, 4], [5], [6], [7], [8]],
 'previous': {1: [],
              2: [1],
              3: [1],
              4: [1],
              5: [1, 3, 4],
              6: [1, 4, 5],
              7: [1, 2, 4, 6],
              8: [1, 3, 4, 7]},
 'roots': [],
 'rr': {'edge_opts': {},
        'global_opts': {'prev_select': 7, 'select': 4},
        'index': {1: 0, 2: 1, 3: 2, 4: 3, 5: 4, 6: 5, 7: 6, 8: 7},
        'node_opts': {1: {'col': 1, 'row': 0},
                      2: {'col': 0, 'row': 1},
                      3: {'col': 2, 'row': 1},
                      4: {'col': 3, 'row': 1},
                      5: {'col': 1, 'row': 2},
                      6: {'col': 1, 'row': 3},
                      7: {'col': 1, 'row': 4},
                      8: {'col': 1, 'row': 5}},
        'roots': {1},
        'rows': [{'attrs': {},
                  'edges': [(2, <EdgeType.PARENT: 2>),
                            (3, <EdgeType.PARENT: 2>),
                            (4, <EdgeType.PARENT: 2>),
                            (5, <EdgeType.PARENT: 2>),
                            (6, <EdgeType.PARENT: 2>),
                            (7, <EdgeType.BLOCKER: 1>),
                            (8, <EdgeType.BLOCKER: 1>)],
                  'goal_id': 1,
                  'is_open': True,
                  'is_real': True,
                  'is_switchable': False,
                  'name': 'Root',
                  'raw_id': 1},
                 {'attrs': {},
                  'edges': [(7, <EdgeType.BLOCKER: 1>)],
                  'goal_id': 2,
                  'is_open': False,
                  'is_real': True,
                  'is_switchable': True,
                  'name': 'Closed',
                  'raw_id': 2},
                 {'attrs': {},
                  'edges': [(5, <EdgeType.BLOCKER: 1>),
                            (8, <EdgeType.BLOCKER: 1>)],
                  'goal_id': 3,
                  'is_open': True,
                  'is_real': True,
                  'is_switchable': False,
                  'name': 'Simply 3',
                  'raw_id': 3},
                 {'attrs': {},
                  'edges': [(5, <EdgeType.BLOCKER: 1>),
                            (6, <EdgeType.BLOCKER: 1>),
                            (7, <EdgeType.BLOCKER: 1>),
                            (8, <EdgeType.BLOCKER: 1>)],
                  'goal_id': 4,
                  'is_open': True,
                  'is_real': True,
                  'is_switchable': False,
                  'name': 'Also 4',
                  'raw_id': 4},
                 {'attrs': {},
                  'edges': [(6, <EdgeType.BLOCKER: 1>)],
                  'goal_id': 5,
                  'is_open': True,
                  'is_real': True,
                  'is_switchable': True,
                  'name': 'Now 5',
                  'raw_id': 5},
                 {'attrs': {},
                  'edges': [(7, <EdgeType.BLOCKER: 1>)],
                  'goal_id': 6,
                  'is_open': False,
                  'is_real': True,
                  'is_switchable': True,
                  'name': 'Same 6',
                  'raw_id': 6},
                 {'attrs': {},
                  'edges': [(8, <EdgeType.PARENT: 2>)],
                  'goal_id': 7,
                  'is_open': False,
                  'is_real': True,
                  'is_switchable': False,
                  'name': 'Lucky 7',
                  'raw_id': 7},
                 {'attrs': {},
                  'edges': [],
                  'goal_id': 8,
                  'is_open': False,
                  'is_real': True,
                  'is_switchable': False,
                  'name': 'Finally 8',
                  'raw_id': 8}]}}

== Invert rows

{'edge_opts': {},
 'global_opts': {'prev_select': 7, 'select': 4},
 'index': {1: 0, 2: 1, 3: 2, 4: 3, 5: 4, 6: 5, 7: 6, 8: 7},
 'node_opts': {1: {'col': 1, 'row': 6},
               2: {'col': 0, 'row': 5},
               3: {'col': 2, 'row': 5},
               4: {'col': 3, 'row': 5},
               5: {'col': 1, 'row': 4},
               6: {'col': 1, 'row': 3},
               7: {'col': 1, 'row': 2},
               8: {'col': 1, 'row': 1}},
 'roots': {1},
 'rows': [{'attrs': {},
           'edges': [(2, <EdgeType.PARENT: 2>),
                     (3, <EdgeType.PARENT: 2>),
                     (4, <EdgeType.PARENT: 2>),
                     (5, <EdgeType.PARENT: 2>),
                     (6, <EdgeType.PARENT: 2>),
                     (7, <EdgeType.BLOCKER: 1>),
                     (8, <EdgeType.BLOCKER: 1>)],
           'goal_id': 1,
           'is_open': True,
           'is_real': True,
           'is_switchable': False,
           'name': 'Root',
           'raw_id': 1},
          {'attrs': {},
           'edges': [(7, <EdgeType.BLOCKER: 1>)],
           'goal_id': 2,
           'is_open': False,
           'is_real': True,
           'is_switchable': True,
           'name': 'Closed',
           'raw_id': 2},
          {'attrs': {},
           'edges': [(5, <EdgeType.BLOCKER: 1>), (8, <EdgeType.BLOCKER: 1>)],
           'goal_id': 3,
           'is_open': True,
           'is_real': True,
           'is_switchable': False,
           'name': 'Simply 3',
           'raw_id': 3},
          {'attrs': {},
           'edges': [(5, <EdgeType.BLOCKER: 1>),
                     (6, <EdgeType.BLOCKER: 1>),
                     (7, <EdgeType.BLOCKER: 1>),
                     (8, <EdgeType.BLOCKER: 1>)],
           'goal_id': 4,
           'is_open': True,
           'is_real': True,
           'is_switchable': False,
           'name': 'Also 4',
           'raw_id': 4},
          {'attrs': {},
           'edges': [(6, <EdgeType.BLOCKER: 1>)],
           'goal_id': 5,
           'is_open': True,
           'is_real': True,
           'is_switchable': True,
           'name': 'Now 5',
           'raw_id': 5},
          {'attrs': {},
           'edges': [(7, <EdgeType.BLOCKER: 1>)],
           'goal_id': 6,
           'is_open': False,
           'is_real': True,
           'is_switchable': True,
           'name': 'Same 6',
           'raw_id': 6},
          {'attrs': {},
           'edges': [(8, <EdgeType.PARENT: 2>)],
           'goal_id': 7,
           'is_open': False,
           'is_real': True,
           'is_switchable': False,
           'name': 'Lucky 7',
           'raw_id': 7},
          {'attrs': {},
           'edges': [],
           'goal_id': 8,
           'is_open': False,
           'is_real': True,
           'is_switchable': False,
           'name': 'Finally 8',
           'raw_id': 8}]}

== Horizontal adjustment 1

{'edge_opts': {},
 'global_opts': {'prev_select': 7, 'select': 4},
 'index': {1: 0, 2: 1, 3: 2, 4: 3, 5: 4, 6: 5, 7: 6, 8: 7},
 'node_opts': {1: {'col': 1.2857142857142856, 'row': 6},
               2: {'col': 1.0, 'row': 5},
               3: {'col': 1.0, 'row': 5},
               4: {'col': 1.0, 'row': 5},
               5: {'col': 1.75, 'row': 4},
               6: {'col': 1.5, 'row': 3},
               7: {'col': 1.2, 'row': 2},
               8: {'col': 1.75, 'row': 1}},
 'roots': {1},
 'rows': [{'attrs': {},
           'edges': [(2, <EdgeType.PARENT: 2>),
                     (3, <EdgeType.PARENT: 2>),
                     (4, <EdgeType.PARENT: 2>),
                     (5, <EdgeType.PARENT: 2>),
                     (6, <EdgeType.PARENT: 2>),
                     (7, <EdgeType.BLOCKER: 1>),
                     (8, <EdgeType.BLOCKER: 1>)],
           'goal_id': 1,
           'is_open': True,
           'is_real': True,
           'is_switchable': False,
           'name': 'Root',
           'raw_id': 1},
          {'attrs': {},
           'edges': [(7, <EdgeType.BLOCKER: 1>)],
           'goal_id': 2,
           'is_open': False,
           'is_real': True,
           'is_switchable': True,
           'name': 'Closed',
           'raw_id': 2},
          {'attrs': {},
           'edges': [(5, <EdgeType.BLOCKER: 1>), (8, <EdgeType.BLOCKER: 1>)],
           'goal_id': 3,
           'is_open': True,
           'is_real': True,
           'is_switchable': False,
           'name': 'Simply 3',
           'raw_id': 3},
          {'attrs': {},
           'edges': [(5, <EdgeType.BLOCKER: 1>),
                     (6, <EdgeType.BLOCKER: 1>),
                     (7, <EdgeType.BLOCKER: 1>),
                     (8, <EdgeType.BLOCKER: 1>)],
           'goal_id': 4,
           'is_open': True,
           'is_real': True,
           'is_switchable': False,
           'name': 'Also 4',
           'raw_id': 4},
          {'attrs': {},
           'edges': [(6, <EdgeType.BLOCKER: 1>)],
           'goal_id': 5,
           'is_open': True,
           'is_real': True,
           'is_switchable': True,
           'name': 'Now 5',
           'raw_id': 5},
          {'attrs': {},
           'edges': [(7, <EdgeType.BLOCKER: 1>)],
           'goal_id': 6,
           'is_open': False,
           'is_real': True,
           'is_switchable': True,
           'name': 'Same 6',
           'raw_id': 6},
          {'attrs': {},
           'edges': [(8, <EdgeType.PARENT: 2>)],
           'goal_id': 7,
           'is_open': False,
           'is_real': True,
           'is_switchable': False,
           'name': 'Lucky 7',
           'raw_id': 7},
          {'attrs': {},
           'edges': [],
           'goal_id': 8,
           'is_open': False,
           'is_real': True,
           'is_switchable': False,
           'name': 'Finally 8',
           'raw_id': 8}]}

== Horizontal adjustment 2

{'edge_opts': {},
 'global_opts': {'prev_select': 7, 'select': 4},
 'index': {1: 0, 2: 1, 3: 2, 4: 3, 5: 4, 6: 5, 7: 6, 8: 7},
 'node_opts': {1: {'col': 1.2999999999999998, 'row': 6},
               2: {'col': 1.1214285714285714, 'row': 5},
               3: {'col': 1.2976190476190477, 'row': 5},
               4: {'col': 1.2485714285714287, 'row': 5},
               5: {'col': 1.4732142857142856, 'row': 4},
               6: {'col': 1.4044642857142857, 'row': 3},
               7: {'col': 1.2535714285714286, 'row': 2},
               8: {'col': 1.4357142857142857, 'row': 1}},
 'roots': {1},
 'rows': [{'attrs': {},
           'edges': [(2, <EdgeType.PARENT: 2>),
                     (3, <EdgeType.PARENT: 2>),
                     (4, <EdgeType.PARENT: 2>),
                     (5, <EdgeType.PARENT: 2>),
                     (6, <EdgeType.PARENT: 2>),
                     (7, <EdgeType.BLOCKER: 1>),
                     (8, <EdgeType.BLOCKER: 1>)],
           'goal_id': 1,
           'is_open': True,
           'is_real': True,
           'is_switchable': False,
           'name': 'Root',
           'raw_id': 1},
          {'attrs': {},
           'edges': [(7, <EdgeType.BLOCKER: 1>)],
           'goal_id': 2,
           'is_open': False,
           'is_real': True,
           'is_switchable': True,
           'name': 'Closed',
           'raw_id': 2},
          {'attrs': {},
           'edges': [(5, <EdgeType.BLOCKER: 1>), (8, <EdgeType.BLOCKER: 1>)],
           'goal_id': 3,
           'is_open': True,
           'is_real': True,
           'is_switchable': False,
           'name': 'Simply 3',
           'raw_id': 3},
          {'attrs': {},
           'edges': [(5, <EdgeType.BLOCKER: 1>),
                     (6, <EdgeType.BLOCKER: 1>),
                     (7, <EdgeType.BLOCKER: 1>),
                     (8, <EdgeType.BLOCKER: 1>)],
           'goal_id': 4,
           'is_open': True,
           'is_real': True,
           'is_switchable': False,
           'name': 'Also 4',
           'raw_id': 4},
          {'attrs': {},
           'edges': [(6, <EdgeType.BLOCKER: 1>)],
           'goal_id': 5,
           'is_open': True,
           'is_real': True,
           'is_switchable': True,
           'name': 'Now 5',
           'raw_id': 5},
          {'attrs': {},
           'edges': [(7, <EdgeType.BLOCKER: 1>)],
           'goal_id': 6,
           'is_open': False,
           'is_real': True,
           'is_switchable': True,
           'name': 'Same 6',
           'raw_id': 6},
          {'attrs': {},
           'edges': [(8, <EdgeType.PARENT: 2>)],
           'goal_id': 7,
           'is_open': False,
           'is_real': True,
           'is_switchable': False,
           'name': 'Lucky 7',
           'raw_id': 7},
          {'attrs': {},
           'edges': [],
           'goal_id': 8,
           'is_open': False,
           'is_real': True,
           'is_switchable': False,
           'name': 'Finally 8',
           'raw_id': 8}]}

== Normalized columns

{'edge_opts': {},
 'global_opts': {'prev_select': 7, 'select': 4},
 'index': {1: 0, 2: 1, 3: 2, 4: 3, 5: 4, 6: 5, 7: 6, 8: 7},
 'node_opts': {1: {'col': 1,
                   'edge_render': [(2, <EdgeType.PARENT: 2>),
                                   (3, <EdgeType.PARENT: 2>),
                                   (4, <EdgeType.PARENT: 2>),
                                   (5, <EdgeType.PARENT: 2>),
                                   (6, <EdgeType.PARENT: 2>),
                                   (7, <EdgeType.BLOCKER: 1>),
                                   (8, <EdgeType.BLOCKER: 1>)],
                   'row': 6},
               2: {'col': 0,
                   'edge_render': [(7, <EdgeType.BLOCKER: 1>)],
                   'row': 5},
               3: {'col': 2,
                   'edge_render': [(5, <EdgeType.BLOCKER: 1>),
                                   (8, <EdgeType.BLOCKER: 1>)],
                   'row': 5},
               4: {'col': 1,
                   'edge_render': [(5, <EdgeType.BLOCKER: 1>),
                                   (6, <EdgeType.BLOCKER: 1>),
                                   (7, <EdgeType.BLOCKER: 1>),
                                   (8, <EdgeType.BLOCKER: 1>)],
                   'row': 5},
               5: {'col': 1,
                   'edge_render': [(6, <EdgeType.BLOCKER: 1>)],
                   'row': 4},
               6: {'col': 1,
                   'edge_render': [(7, <EdgeType.BLOCKER: 1>)],
                   'row': 3},
               7: {'col': 1,
                   'edge_render': [(8, <EdgeType.PARENT: 2>)],
                   'row': 2},
               8: {'col': 1, 'edge_render': [], 'row': 1}},
 'roots': {1},
 'rows': [{'attrs': {},
           'edges': [(2, <EdgeType.PARENT: 2>),
                     (3, <EdgeType.PARENT: 2>),
                     (4, <EdgeType.PARENT: 2>),
                     (5, <EdgeType.PARENT: 2>),
                     (6, <EdgeType.PARENT: 2>),
                     (7, <EdgeType.BLOCKER: 1>),
                     (8, <EdgeType.BLOCKER: 1>)],
           'goal_id': 1,
           'is_open': True,
           'is_real': True,
           'is_switchable': False,
           'name': 'Root',
           'raw_id': 1},
          {'attrs': {},
           'edges': [(7, <EdgeType.BLOCKER: 1>)],
           'goal_id': 2,
           'is_open': False,
           'is_real': True,
           'is_switchable': True,
           'name': 'Closed',
           'raw_id': 2},
          {'attrs': {},
           'edges': [(5, <EdgeType.BLOCKER: 1>), (8, <EdgeType.BLOCKER: 1>)],
           'goal_id': 3,
           'is_open': True,
           'is_real': True,
           'is_switchable': False,
           'name': 'Simply 3',
           'raw_id': 3},
          {'attrs': {},
           'edges': [(5, <EdgeType.BLOCKER: 1>),
                     (6, <EdgeType.BLOCKER: 1>),
                     (7, <EdgeType.BLOCKER: 1>),
                     (8, <EdgeType.BLOCKER: 1>)],
           'goal_id': 4,
           'is_open': True,
           'is_real': True,
           'is_switchable': False,
           'name': 'Also 4',
           'raw_id': 4},
          {'attrs': {},
           'edges': [(6, <EdgeType.BLOCKER: 1>)],
           'goal_id': 5,
           'is_open': True,
           'is_real': True,
           'is_switchable': True,
           'name': 'Now 5',
           'raw_id': 5},
          {'attrs': {},
           'edges': [(7, <EdgeType.BLOCKER: 1>)],
           'goal_id': 6,
           'is_open': False,
           'is_real': True,
           'is_switchable': True,
           'name': 'Same 6',
           'raw_id': 6},
          {'attrs': {},
           'edges': [(8, <EdgeType.PARENT: 2>)],
           'goal_id': 7,
           'is_open': False,
           'is_real': True,
           'is_switchable': False,
           'name': 'Lucky 7',
           'raw_id': 7},
          {'attrs': {},
           'edges': [],
           'goal_id': 8,
           'is_open': False,
           'is_real': True,
           'is_switchable': False,
           'name': 'Finally 8',
           'raw_id': 8}]}

== Final result

{'edge_opts': {},
 'global_opts': {'prev_select': 7, 'select': 4},
 'index': {1: 0, 2: 1, 3: 2, 4: 3, 5: 4, 6: 5, 7: 6, 8: 7},
 'node_opts': {1: {'col': 1,
                   'edge_render': [(2, <EdgeType.PARENT: 2>),
                                   (3, <EdgeType.PARENT: 2>),
                                   (4, <EdgeType.PARENT: 2>),
                                   (5, <EdgeType.PARENT: 2>),
                                   (6, <EdgeType.PARENT: 2>),
                                   (7, <EdgeType.BLOCKER: 1>),
                                   (8, <EdgeType.BLOCKER: 1>)],
                   'row': 6},
               2: {'col': 0,
                   'edge_render': [(7, <EdgeType.BLOCKER: 1>)],
                   'row': 5},
               3: {'col': 2,
                   'edge_render': [(5, <EdgeType.BLOCKER: 1>),
                                   (8, <EdgeType.BLOCKER: 1>)],
                   'row': 5},
               4: {'col': 1,
                   'edge_render': [(5, <EdgeType.BLOCKER: 1>),
                                   (6, <EdgeType.BLOCKER: 1>),
                                   (7, <EdgeType.BLOCKER: 1>),
                                   (8, <EdgeType.BLOCKER: 1>)],
                   'row': 5},
               5: {'col': 1,
                   'edge_render': [(6, <EdgeType.BLOCKER: 1>)],
                   'row': 4},
               6: {'col': 1,
                   'edge_render': [(7, <EdgeType.BLOCKER: 1>)],
                   'row': 3},
               7: {'col': 1,
                   'edge_render': [(8, <EdgeType.PARENT: 2>)],
                   'row': 2},
               8: {'col': 1, 'edge_render': [], 'row': 1}},
 'roots': {1},
 'rows': [{'attrs': {},
           'edges': [(2, <EdgeType.PARENT: 2>),
                     (3, <EdgeType.PARENT: 2>),
                     (4, <EdgeType.PARENT: 2>),
                     (5, <EdgeType.PARENT: 2>),
                     (6, <EdgeType.PARENT: 2>),
                     (7, <EdgeType.BLOCKER: 1>),
                     (8, <EdgeType.BLOCKER: 1>)],
           'goal_id': 1,
           'is_open': True,
           'is_real': True,
           'is_switchable': False,
           'name': 'Root',
           'raw_id': 1},
          {'attrs': {},
           'edges': [(7, <EdgeType.BLOCKER: 1>)],
           'goal_id': 2,
           'is_open': False,
           'is_real': True,
           'is_switchable': True,
           'name': 'Closed',
           'raw_id': 2},
          {'attrs': {},
           'edges': [(5, <EdgeType.BLOCKER: 1>), (8, <EdgeType.BLOCKER: 1>)],
           'goal_id': 3,
           'is_open': True,
           'is_real': True,
           'is_switchable': False,
           'name': 'Simply 3',
           'raw_id': 3},
          {'attrs': {},
           'edges': [(5, <EdgeType.BLOCKER: 1>),
                     (6, <EdgeType.BLOCKER: 1>),
                     (7, <EdgeType.BLOCKER: 1>),
                     (8, <EdgeType.BLOCKER: 1>)],
           'goal_id': 4,
           'is_open': True,
           'is_real': True,
           'is_switchable': False,
           'name': 'Also 4',
           'raw_id': 4},
          {'attrs': {},
           'edges': [(6, <EdgeType.BLOCKER: 1>)],
           'goal_id': 5,
           'is_open': True,
           'is_real': True,
           'is_switchable': True,
           'name': 'Now 5',
           'raw_id': 5},
          {'attrs': {},
           'edges': [(7, <EdgeType.BLOCKER: 1>)],
           'goal_id': 6,
           'is_open': False,
           'is_real': True,
           'is_switchable': True,
           'name': 'Same 6',
           'raw_id': 6},
          {'attrs': {},
           'edges': [(8, <EdgeType.PARENT: 2>)],
           'goal_id': 7,
           'is_open': False,
           'is_real': True,
           'is_switchable': False,
           'name': 'Lucky 7',
           'raw_id': 7},
          {'attrs': {},
           'edges': [],
           'goal_id': 8,
           'is_open': False,
           'is_real': True,
           'is_switchable': False,
           'name': 'Finally 8',
           'raw_id': 8}]}
