== Graph

{'edge_opts': {-19: (0, 1, 2),
               -18: (0, 3, 4),
               -17: (0, 2, 4),
               -16: (0, 1, 4),
               -15: (6, 2, 3),
               -14: (6, 1, 3),
               -13: (0, 1, 2),
               -12: (0, 3, 4),
               -11: (0, 2, 4),
               -10: (0, 1, 4)},
 'global_opts': {'prev_select': 7, 'select': 4},
 'index': {1: 0, 2: 1, 3: 2, 4: 3, 5: 4, 6: 5, 7: 6, 8: 7},
 'node_opts': {-19: {'col': 0,
                     'edge_render': [(5, <EdgeType.PARENT: 2>),
                                     (-16, <EdgeType.PARENT: 2>)],
                     'row': 4},
               -18: {'col': 3,
                     'edge_render': [(6, <EdgeType.BLOCKER: 1>),
                                     (-15, <EdgeType.BLOCKER: 1>)],
                     'row': 3},
               -17: {'col': 1,
                     'edge_render': [(-14, <EdgeType.BLOCKER: 1>)],
                     'row': 3},
               -16: {'col': 0,
                     'edge_render': [(2, <EdgeType.PARENT: 2>),
                                     (6, <EdgeType.PARENT: 2>),
                                     (-13, <EdgeType.BLOCKER: 1>)],
                     'row': 3},
               -15: {'col': 4,
                     'edge_render': [(7, <EdgeType.BLOCKER: 1>),
                                     (-12, <EdgeType.BLOCKER: 1>)],
                     'row': 2},
               -14: {'col': 2,
                     'edge_render': [(-11, <EdgeType.BLOCKER: 1>)],
                     'row': 2},
               -13: {'col': 0,
                     'edge_render': [(7, <EdgeType.BLOCKER: 1>),
                                     (-10, <EdgeType.BLOCKER: 1>)],
                     'row': 2},
               -12: {'col': 3,
                     'edge_render': [(8, <EdgeType.BLOCKER: 1>)],
                     'row': 1},
               -11: {'col': 1,
                     'edge_render': [(8, <EdgeType.BLOCKER: 1>)],
                     'row': 1},
               -10: {'col': 0,
                     'edge_render': [(8, <EdgeType.BLOCKER: 1>)],
                     'row': 1},
               1: {'col': 0,
                   'edge_render': [(3, <EdgeType.PARENT: 2>),
                                   (4, <EdgeType.PARENT: 2>),
                                   (-19, <EdgeType.PARENT: 2>)],
                   'row': 5},
               2: {'col': 0,
                   'edge_render': [(7, <EdgeType.BLOCKER: 1>)],
                   'row': 2},
               3: {'col': 0,
                   'edge_render': [(5, <EdgeType.BLOCKER: 1>),
                                   (-17, <EdgeType.BLOCKER: 1>)],
                   'row': 4},
               4: {'col': 1,
                   'edge_render': [(5, <EdgeType.BLOCKER: 1>),
                                   (-18, <EdgeType.BLOCKER: 1>)],
                   'row': 4},
               5: {'col': 0,
                   'edge_render': [(6, <EdgeType.BLOCKER: 1>)],
                   'row': 3},
               6: {'col': 1,
                   'edge_render': [(7, <EdgeType.BLOCKER: 1>)],
                   'row': 2},
               7: {'col': 0,
                   'edge_render': [(8, <EdgeType.PARENT: 2>)],
                   'row': 1},
               8: {'col': 0, 'edge_render': [], 'row': 0}},
 'roots': {1},
 'rows': [{'attrs': {},
           'edges': [(2, <EdgeType.PARENT: 2>),
                     (3, <EdgeType.PARENT: 2>),
                     (4, <EdgeType.PARENT: 2>),
                     (5, <EdgeType.PARENT: 2>),
                     (6, <EdgeType.PARENT: 2>),
                     (7, <EdgeType.BLOCKER: 1>),
                     (8, <EdgeType.BLOCKER: 1>)],
           'goal_id': 1,
           'is_open': True,
           'is_real': True,
           'is_switchable': False,
           'name': 'Root',
           'raw_id': 1},
          {'attrs': {},
           'edges': [(7, <EdgeType.BLOCKER: 1>)],
           'goal_id': 2,
           'is_open': False,
           'is_real': True,
           'is_switchable': True,
           'name': 'Closed',
           'raw_id': 2},
          {'attrs': {},
           'edges': [(5, <EdgeType.BLOCKER: 1>), (8, <EdgeType.BLOCKER: 1>)],
           'goal_id': 3,
           'is_open': True,
           'is_real': True,
           'is_switchable': False,
           'name': 'Simply 3',
           'raw_id': 3},
          {'attrs': {},
           'edges': [(5, <EdgeType.BLOCKER: 1>),
                     (6, <EdgeType.BLOCKER: 1>),
                     (7, <EdgeType.BLOCKER: 1>),
                     (8, <EdgeType.BLOCKER: 1>)],
           'goal_id': 4,
           'is_open': True,
           'is_real': True,
           'is_switchable': False,
           'name': 'Also 4',
           'raw_id': 4},
          {'attrs': {},
           'edges': [(6, <EdgeType.BLOCKER: 1>)],
           'goal_id': 5,
           'is_open': True,
           'is_real': True,
           'is_switchable': True,
           'name': 'Now 5',
           'raw_id': 5},
          {'attrs': {},
           'edges': [(7, <EdgeType.BLOCKER: 1>)],
           'goal_id': 6,
           'is_open': False,
           'is_real': True,
           'is_switchable': True,
           'name': 'Same 6',
           'raw_id': 6},
          {'attrs': {},
           'edges': [(8, <EdgeType.PARENT: 2>)],
           'goal_id': 7,
           'is_open': False,
           'is_real': True,
           'is_switchable': False,
           'name': 'Lucky 7',
           'raw_id': 7},
          {'attrs': {},
           'edges': [],
           'goal_id': 8,
           'is_open': False,
           'is_real': True,
           'is_switchable': False,
           'name': 'Finally 8',
           'raw_id': 8}]}

== Lines
[(<EdgeType.PARENT: 2>, <25, 500>, <22, 440>, '1-3'),
 (<EdgeType.PARENT: 2>, <25, 500>, <122, 450>, '1-4'),
 (<EdgeType.PARENT: 2>, <25, 500>, <-28, 445>, '1--19'),
 (<EdgeType.BLOCKER: 1>, <22, 200>, <25, 140>, '2-7'),
 (<EdgeType.BLOCKER: 1>, <22, 400>, <25, 340>, '3-5'),
 (<EdgeType.BLOCKER: 1>, <22, 400>, <-25, 345>, '3--17'),
 (<EdgeType.BLOCKER: 1>, <122, 400>, <25, 340>, '4-5'),
 (<EdgeType.BLOCKER: 1>, <122, 400>, <-13, 343>, '4--18'),
 (<EdgeType.BLOCKER: 1>, <25, 300>, <122, 250>, '5-6'),
 (<EdgeType.BLOCKER: 1>, <122, 200>, <25, 140>, '6-7'),
 (<EdgeType.PARENT: 2>, <25, 100>, <22, 40>, '7-8'),
 (<EdgeType.BLOCKER: 1>, <-38, 100>, <22, 40>, '-10-8'),
 (<EdgeType.BLOCKER: 1>, <-25, 100>, <22, 40>, '-11-8'),
 (<EdgeType.BLOCKER: 1>, <-13, 100>, <22, 40>, '-12-8'),
 (<EdgeType.BLOCKER: 1>, <-28, 200>, <25, 140>, '-13-7'),
 (<EdgeType.BLOCKER: 1>, <-28, 200>, <-38, 148>, '-13--10'),
 (<EdgeType.BLOCKER: 1>, <162, 200>, <-25, 145>, '-14--11'),
 (<EdgeType.BLOCKER: 1>, <181, 200>, <25, 140>, '-15-7'),
 (<EdgeType.BLOCKER: 1>, <181, 200>, <-13, 143>, '-15--12'),
 (<EdgeType.PARENT: 2>, <-38, 300>, <22, 240>, '-16-2'),
 (<EdgeType.PARENT: 2>, <-38, 300>, <122, 250>, '-16-6'),
 (<EdgeType.BLOCKER: 1>, <-38, 300>, <-28, 245>, '-16--13'),
 (<EdgeType.BLOCKER: 1>, <-25, 300>, <162, 247>, '-17--14'),
 (<EdgeType.BLOCKER: 1>, <-13, 300>, <122, 250>, '-18-6'),
 (<EdgeType.BLOCKER: 1>, <-13, 300>, <181, 244>, '-18--15'),
 (<EdgeType.PARENT: 2>, <-28, 400>, <25, 340>, '-19-5'),
 (<EdgeType.PARENT: 2>, <-28, 400>, <-38, 348>, '-19--16'),
 (<EdgeType.PARENT: 2>, <-28, 400>, <-28, 445>, ''),
 (<EdgeType.BLOCKER: 1>, <-25, 300>, <-25, 345>, ''),
 (<EdgeType.BLOCKER: 1>, <-13, 300>, <-13, 343>, ''),
 (<EdgeType.BLOCKER: 1>, <-38, 100>, <-38, 148>, ''),
 (<EdgeType.BLOCKER: 1>, <-25, 100>, <-25, 145>, ''),
 (<EdgeType.BLOCKER: 1>, <-13, 100>, <-13, 143>, ''),
 (<EdgeType.BLOCKER: 1>, <-28, 200>, <-28, 245>, ''),
 (<EdgeType.BLOCKER: 1>, <162, 200>, <162, 247>, ''),
 (<EdgeType.BLOCKER: 1>, <181, 200>, <181, 244>, ''),
 (<EdgeType.PARENT: 2>, <-38, 300>, <-38, 348>, '')]
