== Graph

{'edge_opts': {},
 'index': {1: 0, 2: 1, 3: 2, 4: 3, 5: 4, 6: 5, 7: 6, 8: 7},
 'node_opts': {1: {'col': 0, 'row': 0},
               2: {'col': 0, 'row': 1},
               3: {'col': 1, 'row': 1},
               4: {'col': 2, 'row': 1},
               5: {'col': 0, 'row': 2},
               6: {'col': 0, 'row': 3},
               7: {'col': 0, 'row': 4},
               8: {'col': 0, 'row': 5}},
 'roots': {1},
 'rows': [{'attrs': {},
           'edges': [(2, <EdgeType.PARENT: 2>),
                     (3, <EdgeType.PARENT: 2>),
                     (4, <EdgeType.PARENT: 2>),
                     (5, <EdgeType.PARENT: 2>),
                     (6, <EdgeType.PARENT: 2>),
                     (7, <EdgeType.BLOCKER: 1>),
                     (8, <EdgeType.BLOCKER: 1>)],
           'goal_id': 1,
           'is_open': True,
           'is_switchable': False,
           'name': 'Root',
           'raw_id': 1},
          {'attrs': {},
           'edges': [(7, <EdgeType.BLOCKER: 1>)],
           'goal_id': 2,
           'is_open': False,
           'is_switchable': True,
           'name': 'Closed',
           'raw_id': 2},
          {'attrs': {},
           'edges': [(5, <EdgeType.BLOCKER: 1>), (8, <EdgeType.BLOCKER: 1>)],
           'goal_id': 3,
           'is_open': True,
           'is_switchable': False,
           'name': 'Simply 3',
           'raw_id': 3},
          {'attrs': {},
           'edges': [(5, <EdgeType.BLOCKER: 1>),
                     (6, <EdgeType.BLOCKER: 1>),
                     (7, <EdgeType.BLOCKER: 1>),
                     (8, <EdgeType.BLOCKER: 1>)],
           'goal_id': 4,
           'is_open': True,
           'is_switchable': False,
           'name': 'Also 4',
           'raw_id': 4},
          {'attrs': {},
           'edges': [(6, <EdgeType.BLOCKER: 1>)],
           'goal_id': 5,
           'is_open': True,
           'is_switchable': True,
           'name': 'Now 5',
           'raw_id': 5},
          {'attrs': {},
           'edges': [(7, <EdgeType.BLOCKER: 1>)],
           'goal_id': 6,
           'is_open': False,
           'is_switchable': True,
           'name': 'Same 6',
           'raw_id': 6},
          {'attrs': {},
           'edges': [(8, <EdgeType.PARENT: 2>)],
           'goal_id': 7,
           'is_open': False,
           'is_switchable': False,
           'name': 'Lucky 7',
           'raw_id': 7},
          {'attrs': {},
           'edges': [],
           'goal_id': 8,
           'is_open': False,
           'is_switchable': False,
           'name': 'Finally 8',
           'raw_id': 8}],
 'select': (4, 7)}

== Horizontal adjustment 1

{'edge_opts': {},
 'index': {1: 0, 2: 1, 3: 2, 4: 3, 5: 4, 6: 5, 7: 6, 8: 7},
 'node_opts': {1: {'col': 0.42857142857142855, 'row': 0},
               2: {'col': 0.0, 'row': 1},
               3: {'col': 0.0, 'row': 1},
               4: {'col': 0.0, 'row': 1},
               5: {'col': 0.75, 'row': 2},
               6: {'col': 0.5, 'row': 3},
               7: {'col': 0.4, 'row': 4},
               8: {'col': 0.75, 'row': 5}},
 'roots': {1},
 'rows': [{'attrs': {},
           'edges': [(2, <EdgeType.PARENT: 2>),
                     (3, <EdgeType.PARENT: 2>),
                     (4, <EdgeType.PARENT: 2>),
                     (5, <EdgeType.PARENT: 2>),
                     (6, <EdgeType.PARENT: 2>),
                     (7, <EdgeType.BLOCKER: 1>),
                     (8, <EdgeType.BLOCKER: 1>)],
           'goal_id': 1,
           'is_open': True,
           'is_switchable': False,
           'name': 'Root',
           'raw_id': 1},
          {'attrs': {},
           'edges': [(7, <EdgeType.BLOCKER: 1>)],
           'goal_id': 2,
           'is_open': False,
           'is_switchable': True,
           'name': 'Closed',
           'raw_id': 2},
          {'attrs': {},
           'edges': [(5, <EdgeType.BLOCKER: 1>), (8, <EdgeType.BLOCKER: 1>)],
           'goal_id': 3,
           'is_open': True,
           'is_switchable': False,
           'name': 'Simply 3',
           'raw_id': 3},
          {'attrs': {},
           'edges': [(5, <EdgeType.BLOCKER: 1>),
                     (6, <EdgeType.BLOCKER: 1>),
                     (7, <EdgeType.BLOCKER: 1>),
                     (8, <EdgeType.BLOCKER: 1>)],
           'goal_id': 4,
           'is_open': True,
           'is_switchable': False,
           'name': 'Also 4',
           'raw_id': 4},
          {'attrs': {},
           'edges': [(6, <EdgeType.BLOCKER: 1>)],
           'goal_id': 5,
           'is_open': True,
           'is_switchable': True,
           'name': 'Now 5',
           'raw_id': 5},
          {'attrs': {},
           'edges': [(7, <EdgeType.BLOCKER: 1>)],
           'goal_id': 6,
           'is_open': False,
           'is_switchable': True,
           'name': 'Same 6',
           'raw_id': 6},
          {'attrs': {},
           'edges': [(8, <EdgeType.PARENT: 2>)],
           'goal_id': 7,
           'is_open': False,
           'is_switchable': False,
           'name': 'Lucky 7',
           'raw_id': 7},
          {'attrs': {},
           'edges': [],
           'goal_id': 8,
           'is_open': False,
           'is_switchable': False,
           'name': 'Finally 8',
           'raw_id': 8}],
 'select': (4, 7)}

== Horizontal adjustment 2

{'edge_opts': {},
 'index': {1: 0, 2: 1, 3: 2, 4: 3, 5: 4, 6: 5, 7: 6, 8: 7},
 'node_opts': {1: {'col': 0.3857142857142857, 'row': 0},
               2: {'col': 0.20714285714285713, 'row': 1},
               3: {'col': 0.32142857142857145, 'row': 1},
               4: {'col': 0.28285714285714286, 'row': 1},
               5: {'col': 0.4910714285714286, 'row': 2},
               6: {'col': 0.4473214285714286, 'row': 3},
               7: {'col': 0.3678571428571429, 'row': 4},
               8: {'col': 0.4785714285714286, 'row': 5}},
 'roots': {1},
 'rows': [{'attrs': {},
           'edges': [(2, <EdgeType.PARENT: 2>),
                     (3, <EdgeType.PARENT: 2>),
                     (4, <EdgeType.PARENT: 2>),
                     (5, <EdgeType.PARENT: 2>),
                     (6, <EdgeType.PARENT: 2>),
                     (7, <EdgeType.BLOCKER: 1>),
                     (8, <EdgeType.BLOCKER: 1>)],
           'goal_id': 1,
           'is_open': True,
           'is_switchable': False,
           'name': 'Root',
           'raw_id': 1},
          {'attrs': {},
           'edges': [(7, <EdgeType.BLOCKER: 1>)],
           'goal_id': 2,
           'is_open': False,
           'is_switchable': True,
           'name': 'Closed',
           'raw_id': 2},
          {'attrs': {},
           'edges': [(5, <EdgeType.BLOCKER: 1>), (8, <EdgeType.BLOCKER: 1>)],
           'goal_id': 3,
           'is_open': True,
           'is_switchable': False,
           'name': 'Simply 3',
           'raw_id': 3},
          {'attrs': {},
           'edges': [(5, <EdgeType.BLOCKER: 1>),
                     (6, <EdgeType.BLOCKER: 1>),
                     (7, <EdgeType.BLOCKER: 1>),
                     (8, <EdgeType.BLOCKER: 1>)],
           'goal_id': 4,
           'is_open': True,
           'is_switchable': False,
           'name': 'Also 4',
           'raw_id': 4},
          {'attrs': {},
           'edges': [(6, <EdgeType.BLOCKER: 1>)],
           'goal_id': 5,
           'is_open': True,
           'is_switchable': True,
           'name': 'Now 5',
           'raw_id': 5},
          {'attrs': {},
           'edges': [(7, <EdgeType.BLOCKER: 1>)],
           'goal_id': 6,
           'is_open': False,
           'is_switchable': True,
           'name': 'Same 6',
           'raw_id': 6},
          {'attrs': {},
           'edges': [(8, <EdgeType.PARENT: 2>)],
           'goal_id': 7,
           'is_open': False,
           'is_switchable': False,
           'name': 'Lucky 7',
           'raw_id': 7},
          {'attrs': {},
           'edges': [],
           'goal_id': 8,
           'is_open': False,
           'is_switchable': False,
           'name': 'Finally 8',
           'raw_id': 8}],
 'select': (4, 7)}

== Normalized columns

{'edge_opts': {},
 'index': {1: 0, 2: 1, 3: 2, 4: 3, 5: 4, 6: 5, 7: 6, 8: 7},
 'node_opts': {1: {'col': 0,
                   'edge_render': [(2, <EdgeType.PARENT: 2>),
                                   (3, <EdgeType.PARENT: 2>),
                                   (4, <EdgeType.PARENT: 2>),
                                   (5, <EdgeType.PARENT: 2>),
                                   (6, <EdgeType.PARENT: 2>),
                                   (7, <EdgeType.BLOCKER: 1>),
                                   (8, <EdgeType.BLOCKER: 1>)],
                   'row': 0},
               2: {'col': 0,
                   'edge_render': [(7, <EdgeType.BLOCKER: 1>)],
                   'row': 1},
               3: {'col': 2,
                   'edge_render': [(5, <EdgeType.BLOCKER: 1>),
                                   (8, <EdgeType.BLOCKER: 1>)],
                   'row': 1},
               4: {'col': 1,
                   'edge_render': [(5, <EdgeType.BLOCKER: 1>),
                                   (6, <EdgeType.BLOCKER: 1>),
                                   (7, <EdgeType.BLOCKER: 1>),
                                   (8, <EdgeType.BLOCKER: 1>)],
                   'row': 1},
               5: {'col': 0,
                   'edge_render': [(6, <EdgeType.BLOCKER: 1>)],
                   'row': 2},
               6: {'col': 0,
                   'edge_render': [(7, <EdgeType.BLOCKER: 1>)],
                   'row': 3},
               7: {'col': 0,
                   'edge_render': [(8, <EdgeType.PARENT: 2>)],
                   'row': 4},
               8: {'col': 0, 'edge_render': [], 'row': 5}},
 'roots': {1},
 'rows': [{'attrs': {},
           'edges': [(2, <EdgeType.PARENT: 2>),
                     (3, <EdgeType.PARENT: 2>),
                     (4, <EdgeType.PARENT: 2>),
                     (5, <EdgeType.PARENT: 2>),
                     (6, <EdgeType.PARENT: 2>),
                     (7, <EdgeType.BLOCKER: 1>),
                     (8, <EdgeType.BLOCKER: 1>)],
           'goal_id': 1,
           'is_open': True,
           'is_switchable': False,
           'name': 'Root',
           'raw_id': 1},
          {'attrs': {},
           'edges': [(7, <EdgeType.BLOCKER: 1>)],
           'goal_id': 2,
           'is_open': False,
           'is_switchable': True,
           'name': 'Closed',
           'raw_id': 2},
          {'attrs': {},
           'edges': [(5, <EdgeType.BLOCKER: 1>), (8, <EdgeType.BLOCKER: 1>)],
           'goal_id': 3,
           'is_open': True,
           'is_switchable': False,
           'name': 'Simply 3',
           'raw_id': 3},
          {'attrs': {},
           'edges': [(5, <EdgeType.BLOCKER: 1>),
                     (6, <EdgeType.BLOCKER: 1>),
                     (7, <EdgeType.BLOCKER: 1>),
                     (8, <EdgeType.BLOCKER: 1>)],
           'goal_id': 4,
           'is_open': True,
           'is_switchable': False,
           'name': 'Also 4',
           'raw_id': 4},
          {'attrs': {},
           'edges': [(6, <EdgeType.BLOCKER: 1>)],
           'goal_id': 5,
           'is_open': True,
           'is_switchable': True,
           'name': 'Now 5',
           'raw_id': 5},
          {'attrs': {},
           'edges': [(7, <EdgeType.BLOCKER: 1>)],
           'goal_id': 6,
           'is_open': False,
           'is_switchable': True,
           'name': 'Same 6',
           'raw_id': 6},
          {'attrs': {},
           'edges': [(8, <EdgeType.PARENT: 2>)],
           'goal_id': 7,
           'is_open': False,
           'is_switchable': False,
           'name': 'Lucky 7',
           'raw_id': 7},
          {'attrs': {},
           'edges': [],
           'goal_id': 8,
           'is_open': False,
           'is_switchable': False,
           'name': 'Finally 8',
           'raw_id': 8}],
 'select': (4, 7)}
