== Graph

{1: {'col': 0,
     'edge': [(3, <EdgeType.PARENT: 2>),
              (4, <EdgeType.PARENT: 2>),
              ('1_4', <EdgeType.PARENT: 2>)],
     'name': 'Root',
     'open': True,
     'row': 5,
     'select': None,
     'switchable': False},
 2: {'col': 1,
     'edge': [(7, <EdgeType.BLOCKER: 1>)],
     'name': 'Closed',
     'open': False,
     'row': 2,
     'select': None,
     'switchable': True},
 3: {'col': 1,
     'edge': [(5, <EdgeType.BLOCKER: 1>), ('3_3', <EdgeType.BLOCKER: 1>)],
     'name': 'Simply 3',
     'open': True,
     'row': 4,
     'select': None,
     'switchable': False},
 4: {'col': 2,
     'edge': [(5, <EdgeType.BLOCKER: 1>), ('4_3', <EdgeType.BLOCKER: 1>)],
     'name': 'Also 4',
     'open': True,
     'row': 4,
     'select': 'select',
     'switchable': False},
 5: {'col': 2,
     'edge': [(6, <EdgeType.BLOCKER: 1>)],
     'name': 'Now 5',
     'open': True,
     'row': 3,
     'select': None,
     'switchable': True},
 6: {'col': 3,
     'edge': [(7, <EdgeType.BLOCKER: 1>)],
     'name': 'Same 6',
     'open': False,
     'row': 2,
     'select': None,
     'switchable': True},
 7: {'col': 2,
     'edge': [(8, <EdgeType.PARENT: 2>)],
     'name': 'Lucky 7',
     'open': False,
     'row': 1,
     'select': 'prev',
     'switchable': True},
 8: {'col': 1,
     'edge': [],
     'name': 'Finally 8',
     'open': False,
     'row': 0,
     'select': None,
     'switchable': True},
 '1_1': {'col': 0,
         'edge': [(8, <EdgeType.BLOCKER: 1>)],
         'name': '',
         'open': True,
         'row': 1,
         'select': None,
         'switchable': False},
 '1_2': {'col': 0,
         'edge': [(7, <EdgeType.BLOCKER: 1>), ('1_1', <EdgeType.BLOCKER: 1>)],
         'name': '',
         'open': True,
         'row': 2,
         'select': None,
         'switchable': False},
 '1_3': {'col': 0,
         'edge': [(2, <EdgeType.PARENT: 2>),
                  (6, <EdgeType.PARENT: 2>),
                  ('1_2', <EdgeType.BLOCKER: 1>)],
         'name': '',
         'open': True,
         'row': 3,
         'select': None,
         'switchable': False},
 '1_4': {'col': 0,
         'edge': [(5, <EdgeType.PARENT: 2>), ('1_3', <EdgeType.PARENT: 2>)],
         'name': '',
         'open': True,
         'row': 4,
         'select': None,
         'switchable': False},
 '3_1': {'col': 1,
         'edge': [(8, <EdgeType.BLOCKER: 1>)],
         'name': '',
         'open': True,
         'row': 1,
         'select': None,
         'switchable': False},
 '3_2': {'col': 2,
         'edge': [('3_1', <EdgeType.BLOCKER: 1>)],
         'name': '',
         'open': True,
         'row': 2,
         'select': None,
         'switchable': False},
 '3_3': {'col': 1,
         'edge': [('3_2', <EdgeType.BLOCKER: 1>)],
         'name': '',
         'open': True,
         'row': 3,
         'select': None,
         'switchable': False},
 '4_1': {'col': 3,
         'edge': [(8, <EdgeType.BLOCKER: 1>)],
         'name': '',
         'open': True,
         'row': 1,
         'select': None,
         'switchable': False},
 '4_2': {'col': 4,
         'edge': [(7, <EdgeType.BLOCKER: 1>), ('4_1', <EdgeType.BLOCKER: 1>)],
         'name': '',
         'open': True,
         'row': 2,
         'select': None,
         'switchable': False},
 '4_3': {'col': 3,
         'edge': [(6, <EdgeType.BLOCKER: 1>), ('4_2', <EdgeType.BLOCKER: 1>)],
         'name': '',
         'open': True,
         'row': 3,
         'select': None,
         'switchable': False}}

== Layers

{}
