== Graph

{'edge_opts': {'1_1': (0, 1, 4),
               '1_2': (0, 1, 2),
               '1_3': (0, 1, 4),
               '1_4': (0, 1, 2),
               '3_1': (0, 2, 4),
               '3_2': (6, 1, 3),
               '3_3': (0, 2, 4),
               '4_1': (0, 3, 4),
               '4_2': (6, 2, 3),
               '4_3': (0, 3, 4)},
 'graph': {1: {'col': 0,
               'edge': [(2, <EdgeType.PARENT: 2>),
                        (3, <EdgeType.PARENT: 2>),
                        (4, <EdgeType.PARENT: 2>),
                        (5, <EdgeType.PARENT: 2>),
                        (6, <EdgeType.PARENT: 2>),
                        (7, <EdgeType.BLOCKER: 1>),
                        (8, <EdgeType.BLOCKER: 1>)],
               'edge_render': [(3, <EdgeType.PARENT: 2>),
                               (4, <EdgeType.PARENT: 2>),
                               ('1_4', <EdgeType.PARENT: 2>)],
               'row': 5,
               'x': 0,
               'y': 500},
           2: {'col': 0,
               'edge': [(7, <EdgeType.BLOCKER: 1>)],
               'edge_render': [(7, <EdgeType.BLOCKER: 1>)],
               'row': 2,
               'x': 3,
               'y': 197},
           3: {'col': 0,
               'edge': [(5, <EdgeType.BLOCKER: 1>), (8, <EdgeType.BLOCKER: 1>)],
               'edge_render': [(5, <EdgeType.BLOCKER: 1>),
                               ('3_3', <EdgeType.BLOCKER: 1>)],
               'row': 4,
               'x': 3,
               'y': 399},
           4: {'col': 1,
               'edge': [(5, <EdgeType.BLOCKER: 1>),
                        (6, <EdgeType.BLOCKER: 1>),
                        (7, <EdgeType.BLOCKER: 1>),
                        (8, <EdgeType.BLOCKER: 1>)],
               'edge_render': [(5, <EdgeType.BLOCKER: 1>),
                               ('4_3', <EdgeType.BLOCKER: 1>)],
               'row': 4,
               'x': 100,
               'y': 394},
           5: {'col': 0,
               'edge': [(6, <EdgeType.BLOCKER: 1>)],
               'edge_render': [(6, <EdgeType.BLOCKER: 1>)],
               'row': 3,
               'x': 0,
               'y': 298},
           6: {'col': 1,
               'edge': [(7, <EdgeType.BLOCKER: 1>)],
               'edge_render': [(7, <EdgeType.BLOCKER: 1>)],
               'row': 2,
               'x': 100,
               'y': 192},
           7: {'col': 0,
               'edge': [(8, <EdgeType.PARENT: 2>)],
               'edge_render': [(8, <EdgeType.PARENT: 2>)],
               'row': 1,
               'x': 0,
               'y': 96},
           8: {'col': 0,
               'edge': [],
               'edge_render': [],
               'row': 0,
               'x': 3,
               'y': 0},
           '1_1': {'col': 0,
                   'edge': [],
                   'edge_render': [(8, <EdgeType.BLOCKER: 1>)],
                   'row': 1},
           '1_2': {'col': 0,
                   'edge': [],
                   'edge_render': [(7, <EdgeType.BLOCKER: 1>),
                                   ('1_1', <EdgeType.BLOCKER: 1>)],
                   'row': 2},
           '1_3': {'col': 0,
                   'edge': [],
                   'edge_render': [(2, <EdgeType.PARENT: 2>),
                                   (6, <EdgeType.PARENT: 2>),
                                   ('1_2', <EdgeType.BLOCKER: 1>)],
                   'row': 3},
           '1_4': {'col': 0,
                   'edge': [],
                   'edge_render': [(5, <EdgeType.PARENT: 2>),
                                   ('1_3', <EdgeType.PARENT: 2>)],
                   'row': 4},
           '3_1': {'col': 1,
                   'edge': [],
                   'edge_render': [(8, <EdgeType.BLOCKER: 1>)],
                   'row': 1},
           '3_2': {'col': 2,
                   'edge': [],
                   'edge_render': [('3_1', <EdgeType.BLOCKER: 1>)],
                   'row': 2},
           '3_3': {'col': 1,
                   'edge': [],
                   'edge_render': [('3_2', <EdgeType.BLOCKER: 1>)],
                   'row': 3},
           '4_1': {'col': 3,
                   'edge': [],
                   'edge_render': [(8, <EdgeType.BLOCKER: 1>)],
                   'row': 1},
           '4_2': {'col': 4,
                   'edge': [],
                   'edge_render': [(7, <EdgeType.BLOCKER: 1>),
                                   ('4_1', <EdgeType.BLOCKER: 1>)],
                   'row': 2},
           '4_3': {'col': 3,
                   'edge': [],
                   'edge_render': [(6, <EdgeType.BLOCKER: 1>),
                                   ('4_2', <EdgeType.BLOCKER: 1>)],
                   'row': 3}},
 'rows': [RenderRow(goal_id=1,
                    raw_id=1,
                    name='Root',
                    is_open=True,
                    is_switchable=False,
                    edges=[(2, <EdgeType.PARENT: 2>),
                           (3, <EdgeType.PARENT: 2>),
                           (4, <EdgeType.PARENT: 2>),
                           (5, <EdgeType.PARENT: 2>),
                           (6, <EdgeType.PARENT: 2>),
                           (7, <EdgeType.BLOCKER: 1>),
                           (8, <EdgeType.BLOCKER: 1>)]),
          RenderRow(goal_id=2,
                    raw_id=2,
                    name='Closed',
                    is_open=False,
                    is_switchable=True,
                    edges=[(7, <EdgeType.BLOCKER: 1>)]),
          RenderRow(goal_id=3,
                    raw_id=3,
                    name='Simply 3',
                    is_open=True,
                    is_switchable=False,
                    edges=[(5, <EdgeType.BLOCKER: 1>),
                           (8, <EdgeType.BLOCKER: 1>)]),
          RenderRow(goal_id=4,
                    raw_id=4,
                    name='Also 4',
                    is_open=True,
                    is_switchable=False,
                    edges=[(5, <EdgeType.BLOCKER: 1>),
                           (6, <EdgeType.BLOCKER: 1>),
                           (7, <EdgeType.BLOCKER: 1>),
                           (8, <EdgeType.BLOCKER: 1>)]),
          RenderRow(goal_id=5,
                    raw_id=5,
                    name='Now 5',
                    is_open=True,
                    is_switchable=True,
                    edges=[(6, <EdgeType.BLOCKER: 1>)]),
          RenderRow(goal_id=6,
                    raw_id=6,
                    name='Same 6',
                    is_open=False,
                    is_switchable=True,
                    edges=[(7, <EdgeType.BLOCKER: 1>)]),
          RenderRow(goal_id=7,
                    raw_id=7,
                    name='Lucky 7',
                    is_open=False,
                    is_switchable=True,
                    edges=[(8, <EdgeType.PARENT: 2>)]),
          RenderRow(goal_id=8,
                    raw_id=8,
                    name='Finally 8',
                    is_open=False,
                    is_switchable=True,
                    edges=[])]}

== Geometry change after adjust

1: dx=0, dy=0
2: dx=-3, dy=3
3: dx=-3, dy=1
4: dx=0, dy=6
5: dx=0, dy=2
6: dx=0, dy=8
7: dx=0, dy=4
8: dx=-3, dy=0
Avg: dx=-2, dy=3

== Lines
[(<EdgeType.PARENT: 2>, <25, 500>, <22, 440>, '1-3'),
 (<EdgeType.PARENT: 2>, <25, 500>, <122, 450>, '1-4'),
 (<EdgeType.PARENT: 2>, <25, 500>, <-28, 445>, '1-1_4'),
 (<EdgeType.BLOCKER: 1>, <22, 200>, <25, 140>, '2-7'),
 (<EdgeType.BLOCKER: 1>, <22, 400>, <25, 340>, '3-5'),
 (<EdgeType.BLOCKER: 1>, <22, 400>, <-25, 345>, '3-3_3'),
 (<EdgeType.BLOCKER: 1>, <122, 400>, <25, 340>, '4-5'),
 (<EdgeType.BLOCKER: 1>, <122, 400>, <-13, 343>, '4-4_3'),
 (<EdgeType.BLOCKER: 1>, <25, 300>, <122, 250>, '5-6'),
 (<EdgeType.BLOCKER: 1>, <122, 200>, <25, 140>, '6-7'),
 (<EdgeType.PARENT: 2>, <25, 100>, <22, 40>, '7-8'),
 (<EdgeType.BLOCKER: 1>, <-38, 100>, <22, 40>, '1_1-8'),
 (<EdgeType.BLOCKER: 1>, <-25, 100>, <22, 40>, '3_1-8'),
 (<EdgeType.BLOCKER: 1>, <-13, 100>, <22, 40>, '4_1-8'),
 (<EdgeType.BLOCKER: 1>, <-28, 200>, <25, 140>, '1_2-7'),
 (<EdgeType.BLOCKER: 1>, <-28, 200>, <-38, 148>, '1_2-1_1'),
 (<EdgeType.BLOCKER: 1>, <162, 200>, <-25, 145>, '3_2-3_1'),
 (<EdgeType.BLOCKER: 1>, <181, 200>, <25, 140>, '4_2-7'),
 (<EdgeType.BLOCKER: 1>, <181, 200>, <-13, 143>, '4_2-4_1'),
 (<EdgeType.PARENT: 2>, <-38, 300>, <22, 240>, '1_3-2'),
 (<EdgeType.PARENT: 2>, <-38, 300>, <122, 250>, '1_3-6'),
 (<EdgeType.BLOCKER: 1>, <-38, 300>, <-28, 245>, '1_3-1_2'),
 (<EdgeType.BLOCKER: 1>, <-25, 300>, <162, 247>, '3_3-3_2'),
 (<EdgeType.BLOCKER: 1>, <-13, 300>, <122, 250>, '4_3-6'),
 (<EdgeType.BLOCKER: 1>, <-13, 300>, <181, 244>, '4_3-4_2'),
 (<EdgeType.PARENT: 2>, <-28, 400>, <25, 340>, '1_4-5'),
 (<EdgeType.PARENT: 2>, <-28, 400>, <-38, 348>, '1_4-1_3'),
 (<EdgeType.PARENT: 2>, <-28, 400>, <-28, 445>, ''),
 (<EdgeType.BLOCKER: 1>, <-25, 300>, <-25, 345>, ''),
 (<EdgeType.BLOCKER: 1>, <-13, 300>, <-13, 343>, ''),
 (<EdgeType.BLOCKER: 1>, <-38, 100>, <-38, 148>, ''),
 (<EdgeType.BLOCKER: 1>, <-25, 100>, <-25, 145>, ''),
 (<EdgeType.BLOCKER: 1>, <-13, 100>, <-13, 143>, ''),
 (<EdgeType.BLOCKER: 1>, <-28, 200>, <-28, 245>, ''),
 (<EdgeType.BLOCKER: 1>, <162, 200>, <162, 247>, ''),
 (<EdgeType.BLOCKER: 1>, <181, 200>, <181, 244>, ''),
 (<EdgeType.PARENT: 2>, <-38, 300>, <-38, 348>, '')]
